// Vitest Snapshot v1, https://vitest.dev/guide/snapshot.html

exports[`<Status /> > renders data correctly > with-data 1`] = `""`;

exports[`<Status /> > renders loading state correctly > loading 1`] = `""`;
